// Jest Snapshot v1, https://goo.gl/fbAQLP

exports[`ImageGallery component renders ImageGallery 1`] = `
<Fragment>
  <div
    className="container"
  >
    <h1
      className="font"
    >
      Suggestions on where to meet?
    </h1>
    <div
      className="main"
    >
      <img
        className="main-image img"
        src="/path/image"
      />
      <h2
        className="font"
      >
        Wallace Dog Park
      </h2>
      <a
        className="button link-a"
        href="https://www.google.com/maps/place/Wallace+Dog+Park/@45.5336111,-122.7027777,17z/data=!4m5!3m4!1s0x0:0xe2449f99188567f6!8m2!3d45.5336111!4d-122.7027777"
      >
        Directions
      </a>
      <a
        className="button link-a"
        href="https://www.portlandoregon.gov/parks/finder/index.cfm?action=ViewPark&PropertyID=839"
      >
        Website
      </a>
      <p
        className="font"
      >
        1628 NW 25th Ave, Portland, OR 97210
      </p>
    </div>
    <div
      className="grid"
    >
      <ul
        className="thumbnails img"
      >
        <li
          key="0"
          name={0}
          onClick={[Function]}
        >
          <img
            className="img"
            name={0}
            src="/path/image"
          />
        </li>
        <li
          key="1"
          name={1}
          onClick={[Function]}
        >
          <img
            className="img"
            name={1}
            src="/path/image"
          />
        </li>
        <li
          key="2"
          name={2}
          onClick={[Function]}
        >
          <img
            className="img"
            name={2}
            src="/path/image"
          />
        </li>
        <li
          key="3"
          name={3}
          onClick={[Function]}
        >
          <img
            className="img"
            name={3}
            src="/path/image"
          />
        </li>
        <li
          key="4"
          name={4}
          onClick={[Function]}
        >
          <img
            className="img"
            name={4}
            src="/path/image"
          />
        </li>
        <li
          key="5"
          name={5}
          onClick={[Function]}
        >
          <img
            className="img"
            name={5}
            src="/path/image"
          />
        </li>
        <li
          key="6"
          name={6}
          onClick={[Function]}
        >
          <img
            className="img"
            name={6}
            src="/path/image"
          />
        </li>
        <li
          key="7"
          name={7}
          onClick={[Function]}
        >
          <img
            className="img"
            name={7}
            src="/path/image"
          />
        </li>
        <li
          key="8"
          name={8}
          onClick={[Function]}
        >
          <img
            className="img"
            name={8}
            src="/path/image"
          />
        </li>
        <li
          key="9"
          name={9}
          onClick={[Function]}
        >
          <img
            className="img"
            name={9}
            src="/path/image"
          />
        </li>
        <li
          key="10"
          name={10}
          onClick={[Function]}
        >
          <img
            className="img"
            name={10}
            src="/path/image"
          />
        </li>
        <li
          key="11"
          name={11}
          onClick={[Function]}
        >
          <img
            className="img"
            name={11}
            src="/path/image"
          />
        </li>
      </ul>
    </div>
  </div>
</Fragment>
`;
